src/modules/admin/admin.controller.ts(12,40): error TS18048: 'req.user' is possibly 'undefined'.
src/modules/admin/admin.controller.ts(22,9): error TS18048: 'req.user' is possibly 'undefined'.
src/modules/admin/admin.controller.ts(130,18): error TS18046: 'record' is of type 'unknown'.
src/modules/admin/admin.controller.ts(130,35): error TS18046: 'record' is of type 'unknown'.
src/modules/admin/admin.controller.ts(130,56): error TS18046: 'record' is of type 'unknown'.
src/modules/admin/admin.controller.ts(135,64): error TS18046: 'record' is of type 'unknown'.
src/modules/admin/admin.controller.ts(137,38): error TS18046: 'record' is of type 'unknown'.
src/modules/admin/admin.controller.ts(142,28): error TS18046: 'record' is of type 'unknown'.
src/modules/admin/admin.controller.ts(143,27): error TS18046: 'record' is of type 'unknown'.
src/modules/admin/admin.controller.ts(144,24): error TS18046: 'record' is of type 'unknown'.
